eeschema (2013-04-19 BZR 4011)-stable  >> Creation date: 16/07/2013 12:53:49
#Cmp ( order = Reference )
| C1         100nF       
| C2         100nF       
| C3         47nF        
| C4         100nF       
| C5         100nF       
| C6         47nF        
| C7         1nF         
| C8         10pF        
| C9         10pF        
| C10        100nF       
| C11        100nF       
| C12        390pF       
| C13        100nF       
| C14        120pF       
| C15        100nF       
| C16        560pF       
| C17        47nF        
| C18        100nF       
| C19        2u2         
| C20        10nF        
| C21        2u2         
| D1         LED         
| L1         10uH        
| L2         2u7         
| L3         2u7         
| P1         CONN_13X2   
| P2         CONN_2      
| P3         CONN_2      
| P4         CONN_5X2    
| P5         CONN_5X2    
| P6         CONN_2      
| Q1         DTC143E     
| R1         18R         
| R2         56R         
| R3         1k          
| R4         8R2         
| R5         47k         
| R6         3k3         
| R7         3k3         
| R8         OR          
| R9         220R        
| U1         SAA7113     
| U2         SP6203      
| U3         SAA7120H    
| U4         74LVC157    
| U5         23K256      
| X1         24.576MHz   
#End Cmp

#Cmp ( order = Value )
| 10pF         C8        
| 10pF         C9        
| 120pF        C14       
| 390pF        C12       
| 560pF        C16       
| 1nF          C7        
| 10nF         C20       
| 47nF         C6        
| 47nF         C17       
| 47nF         C3        
| 100nF        C18       
| 100nF        C1        
| 100nF        C2        
| 100nF        C4        
| 100nF        C5        
| 100nF        C10       
| 100nF        C11       
| 100nF        C13       
| 100nF        C15       
| 2u2          C19       
| 2u2          C21       
| LED          D1        
| 2u7          L2        
| 2u7          L3        
| 10uH         L1        
| CONN_2       P2        
| CONN_2       P3        
| CONN_13X2    P1        
| CONN_2       P6        
| CONN_5X2     P4        
| CONN_5X2     P5        
| DTC143E      Q1        
| 8R2          R4        
| 18R          R1        
| 56R          R2        
| 220R         R9        
| 1k           R3        
| 3k3          R6        
| 3k3          R7        
| 47k          R5        
| OR           R8        
| 23K256       U5        
| 74LVC157     U4        
| SP6203       U2        
| SAA7113      U1        
| SAA7120H     U3        
| 24.576MHz    X1        
#End Cmp

#End List
